// Jest Snapshot v1, https://goo.gl/fbAQLP

exports[`HotelRoom Component should match snapshot 1`] = `
<div
  className="makeStyles-container-1"
>
  <div
    className="makeStyles-tableContainer-3"
  >
    <div
      className="makeStyles-roomsContainer-6"
    >
      <button
        aria-label="Filter list"
        className="MuiButtonBase-root MuiIconButton-root"
        disabled={false}
        onBlur={[Function]}
        onDragLeave={[Function]}
        onFocus={[Function]}
        onKeyDown={[Function]}
        onKeyUp={[Function]}
        onMouseDown={[Function]}
        onMouseLeave={[Function]}
        onMouseUp={[Function]}
        onTouchEnd={[Function]}
        onTouchMove={[Function]}
        onTouchStart={[Function]}
        tabIndex={0}
        title="Click Me"
        type="button"
      >
        <span
          className="MuiIconButton-label"
        >
          <img
            alt=""
            className="makeStyles-avatar-5"
            src="bed-icon.png"
          />
        </span>
      </button>
      <div
        className="makeStyles-leftTextContainer-8"
      >
        <h6
          className="MuiTypography-root MuiTypography-subtitle1"
        >
          ROOMS
        </h6>
      </div>
    </div>
    <div
      className="makeStyles-ctaContainer-7"
    >
      <button
        aria-label="Filter list"
        className="MuiButtonBase-root MuiIconButton-root Mui-disabled Mui-disabled"
        disabled={true}
        onBlur={[Function]}
        onClick={[Function]}
        onDragLeave={[Function]}
        onFocus={[Function]}
        onKeyDown={[Function]}
        onKeyUp={[Function]}
        onMouseDown={[Function]}
        onMouseLeave={[Function]}
        onMouseUp={[Function]}
        onTouchEnd={[Function]}
        onTouchMove={[Function]}
        onTouchStart={[Function]}
        tabIndex={-1}
        type="button"
      >
        <span
          className="MuiIconButton-label"
        >
          <img
            alt=""
            className="makeStyles-avatar-5"
            src="minus-icon-disabled.png"
          />
        </span>
      </button>
      <div
        className="makeStyles-leftTextContainer-8"
      >
        <h6
          className="MuiTypography-root MuiTypography-subtitle1"
        >
          1
        </h6>
      </div>
      <button
        aria-label="Filter list"
        className="MuiButtonBase-root MuiIconButton-root"
        disabled={false}
        onBlur={[Function]}
        onClick={[Function]}
        onDragLeave={[Function]}
        onFocus={[Function]}
        onKeyDown={[Function]}
        onKeyUp={[Function]}
        onMouseDown={[Function]}
        onMouseLeave={[Function]}
        onMouseUp={[Function]}
        onTouchEnd={[Function]}
        onTouchMove={[Function]}
        onTouchStart={[Function]}
        tabIndex={0}
        type="button"
      >
        <span
          className="MuiIconButton-label"
        >
          <img
            alt=""
            className="makeStyles-avatar-5"
            src="plus-icon.png"
          />
        </span>
      </button>
    </div>
  </div>
  <div
    className="makeStyles-tableContainer-3"
  >
    <div
      className="makeStyles-roomsContainer-6"
    >
      <button
        aria-label="Filter list"
        className="MuiButtonBase-root MuiIconButton-root"
        disabled={false}
        onBlur={[Function]}
        onDragLeave={[Function]}
        onFocus={[Function]}
        onKeyDown={[Function]}
        onKeyUp={[Function]}
        onMouseDown={[Function]}
        onMouseLeave={[Function]}
        onMouseUp={[Function]}
        onTouchEnd={[Function]}
        onTouchMove={[Function]}
        onTouchStart={[Function]}
        tabIndex={0}
        title="Click Me"
        type="button"
      >
        <span
          className="MuiIconButton-label"
        >
          <img
            alt=""
            className="makeStyles-avatar-5"
            src="adult-icon.png"
          />
        </span>
      </button>
      <div
        className="makeStyles-leftTextContainer-8"
      >
        <h6
          className="MuiTypography-root MuiTypography-subtitle1"
        >
          ADULTS
        </h6>
      </div>
    </div>
    <div
      className="makeStyles-ctaContainer-7"
    >
      <button
        aria-label="Filter list"
        className="MuiButtonBase-root MuiIconButton-root"
        disabled={false}
        onBlur={[Function]}
        onClick={[Function]}
        onDragLeave={[Function]}
        onFocus={[Function]}
        onKeyDown={[Function]}
        onKeyUp={[Function]}
        onMouseDown={[Function]}
        onMouseLeave={[Function]}
        onMouseUp={[Function]}
        onTouchEnd={[Function]}
        onTouchMove={[Function]}
        onTouchStart={[Function]}
        tabIndex={0}
        type="button"
      >
        <span
          className="MuiIconButton-label"
        >
          <img
            alt=""
            className="makeStyles-avatar-5"
            src="minus-icon.png"
          />
        </span>
      </button>
      <div
        className="makeStyles-leftTextContainer-8"
      >
        <h6
          className="MuiTypography-root MuiTypography-subtitle1"
        >
          2
        </h6>
      </div>
      <button
        aria-label="Filter list"
        className="MuiButtonBase-root MuiIconButton-root"
        disabled={false}
        onBlur={[Function]}
        onClick={[Function]}
        onDragLeave={[Function]}
        onFocus={[Function]}
        onKeyDown={[Function]}
        onKeyUp={[Function]}
        onMouseDown={[Function]}
        onMouseLeave={[Function]}
        onMouseUp={[Function]}
        onTouchEnd={[Function]}
        onTouchMove={[Function]}
        onTouchStart={[Function]}
        tabIndex={0}
        type="button"
      >
        <span
          className="MuiIconButton-label"
        >
          <img
            alt=""
            className="makeStyles-avatar-5"
            src="plus-icon.png"
          />
        </span>
      </button>
    </div>
  </div>
  <div
    className="makeStyles-tableContainer-3"
  >
    <div
      className="makeStyles-roomsContainer-6"
    >
      <button
        aria-label="Filter list"
        className="MuiButtonBase-root MuiIconButton-root"
        disabled={false}
        onBlur={[Function]}
        onDragLeave={[Function]}
        onFocus={[Function]}
        onKeyDown={[Function]}
        onKeyUp={[Function]}
        onMouseDown={[Function]}
        onMouseLeave={[Function]}
        onMouseUp={[Function]}
        onTouchEnd={[Function]}
        onTouchMove={[Function]}
        onTouchStart={[Function]}
        tabIndex={0}
        title="Click Me"
        type="button"
      >
        <span
          className="MuiIconButton-label"
        >
          <img
            alt=""
            className="makeStyles-avatar-5"
            src="child-icon.png"
          />
        </span>
      </button>
      <div
        className="makeStyles-leftTextContainer-8"
      >
        <h6
          className="MuiTypography-root MuiTypography-subtitle1"
        >
          CHILDREN
        </h6>
      </div>
    </div>
    <div
      className="makeStyles-ctaContainer-7"
    >
      <button
        aria-label="Filter list"
        className="MuiButtonBase-root MuiIconButton-root Mui-disabled Mui-disabled"
        disabled={true}
        onBlur={[Function]}
        onClick={[Function]}
        onDragLeave={[Function]}
        onFocus={[Function]}
        onKeyDown={[Function]}
        onKeyUp={[Function]}
        onMouseDown={[Function]}
        onMouseLeave={[Function]}
        onMouseUp={[Function]}
        onTouchEnd={[Function]}
        onTouchMove={[Function]}
        onTouchStart={[Function]}
        tabIndex={-1}
        type="button"
      >
        <span
          className="MuiIconButton-label"
        >
          <img
            alt=""
            className="makeStyles-avatar-5"
            src="minus-icon-disabled.png"
          />
        </span>
      </button>
      <div
        className="makeStyles-leftTextContainer-8"
      >
        <h6
          className="MuiTypography-root MuiTypography-subtitle1"
        >
          0
        </h6>
      </div>
      <button
        aria-label="Filter list"
        className="MuiButtonBase-root MuiIconButton-root"
        disabled={false}
        onBlur={[Function]}
        onClick={[Function]}
        onDragLeave={[Function]}
        onFocus={[Function]}
        onKeyDown={[Function]}
        onKeyUp={[Function]}
        onMouseDown={[Function]}
        onMouseLeave={[Function]}
        onMouseUp={[Function]}
        onTouchEnd={[Function]}
        onTouchMove={[Function]}
        onTouchStart={[Function]}
        tabIndex={0}
        type="button"
      >
        <span
          className="MuiIconButton-label"
        >
          <img
            alt=""
            className="makeStyles-avatar-5"
            src="plus-icon.png"
          />
        </span>
      </button>
    </div>
  </div>
</div>
`;
